/usr/bin/java  -classpath /root/stage/ycsb/conf:/root/stage/ycsb/lib/HdrHistogram-2.1.4.jar:/root/stage/ycsb/lib/commons-pool2-2.4.2.jar:/root/stage/ycsb/lib/core-0.17.0.jar:/root/stage/ycsb/lib/htrace-core4-4.1.0-incubating.jar:/root/stage/ycsb/lib/jackson-core-asl-1.9.4.jar:/root/stage/ycsb/lib/jackson-mapper-asl-1.9.4.jar:/root/stage/ycsb/lib/jedis-2.9.0.jar:/root/stage/ycsb/lib/redis-binding-0.17.0.jar site.ycsb.Client -t -db site.ycsb.db.RedisClient -s -P /root/stage/ycsb/workloads/workloadc -P /root/stage/ycsb/cxdvirt-configs/redis-run-6000000-1t-zipfian.properties -p measurementtype=raw -p measurement.raw.output_file=/root/results/run_6000000_1t.raw
Command line: -t -db site.ycsb.db.RedisClient -s -P /root/stage/ycsb/workloads/workloadc -P /root/stage/ycsb/cxdvirt-configs/redis-run-6000000-1t-zipfian.properties -p measurementtype=raw -p measurement.raw.output_file=/root/results/run_6000000_1t.raw
YCSB Client 0.17.0

Loading workload...
Starting test.
DBWrapper: report latency for each error is false and specific error codes to track for latency are: []
2026-08-24 07:19:13:934 0 sec: 0 operations; est completion in 0 second 
Raw data measurement: will output to result file: /root/results/run_6000000_1t.raw
2026-08-24 07:19:23:893 10 sec: 60301 operations; 6029.5 current ops/sec; est completion in 16 minutes READ count: 60312, average latency(us): 152.95 
2026-08-24 07:19:33:893 20 sec: 121282 operations; 6098.71 current ops/sec; est completion in 16 minutes READ count: 60971, average latency(us): 151.82 
2026-08-24 07:19:43:893 30 sec: 182531 operations; 6124.9 current ops/sec; est completion in 15 minutes READ count: 61249, average latency(us): 151.39 
2026-08-24 07:19:53:893 40 sec: 243687 operations; 6115.6 current ops/sec; est completion in 15 minutes READ count: 61156, average latency(us): 151.57 
2026-08-24 07:20:03:893 50 sec: 305190 operations; 6150.3 current ops/sec; est completion in 15 minutes READ count: 61503, average latency(us): 151.22 
2026-08-24 07:20:13:893 60 sec: 367924 operations; 6273.4 current ops/sec; est completion in 15 minutes READ count: 62734, average latency(us): 148.67 
2026-08-24 07:20:23:893 70 sec: 430428 operations; 6250.4 current ops/sec; est completion in 15 minutes READ count: 62504, average latency(us): 149.20 
2026-08-24 07:20:33:893 80 sec: 492862 operations; 6243.4 current ops/sec; est completion in 14 minutes READ count: 62434, average latency(us): 149.35 
2026-08-24 07:20:43:893 90 sec: 555386 operations; 6252.4 current ops/sec; est completion in 14 minutes READ count: 62524, average latency(us): 149.19 
2026-08-24 07:20:53:893 100 sec: 618341 operations; 6295.5 current ops/sec; est completion in 14 minutes READ count: 62955, average latency(us): 148.11 
2026-08-24 07:21:03:893 110 sec: 682302 operations; 6396.1 current ops/sec; est completion in 14 minutes READ count: 63962, average latency(us): 145.65 
2026-08-24 07:21:13:893 120 sec: 745224 operations; 6292.2 current ops/sec; est completion in 14 minutes READ count: 62922, average latency(us): 148.23 
2026-08-24 07:21:23:893 130 sec: 806288 operations; 6106.4 current ops/sec; est completion in 13 minutes READ count: 61062, average latency(us): 152.18 
2026-08-24 07:21:33:893 140 sec: 867475 operations; 6118.7 current ops/sec; est completion in 13 minutes READ count: 61188, average latency(us): 151.96 
2026-08-24 07:21:43:893 150 sec: 929989 operations; 6251.4 current ops/sec; est completion in 13 minutes READ count: 62514, average latency(us): 149.29 
2026-08-24 07:21:53:893 160 sec: 993763 operations; 6377.4 current ops/sec; est completion in 13 minutes READ count: 63774, average latency(us): 146.09 
2026-08-24 07:22:03:893 170 sec: 1056203 operations; 6244 current ops/sec; est completion in 13 minutes READ count: 62440, average latency(us): 149.43 
2026-08-24 07:22:13:893 180 sec: 1117146 operations; 6094.3 current ops/sec; est completion in 13 minutes READ count: 60943, average latency(us): 152.45 
2026-08-24 07:22:23:893 190 sec: 1178830 operations; 6168.4 current ops/sec; est completion in 12 minutes READ count: 61684, average latency(us): 150.89 
2026-08-24 07:22:33:893 200 sec: 1241325 operations; 6249.5 current ops/sec; est completion in 12 minutes READ count: 62495, average latency(us): 149.27 
2026-08-24 07:22:43:893 210 sec: 1303894 operations; 6256.9 current ops/sec; est completion in 12 minutes READ count: 62569, average latency(us): 149.10 
2026-08-24 07:22:53:902 220 sec: 1366822 operations; 6286.51 current ops/sec; est completion in 12 minutes READ count: 62928, average latency(us): 148.35 
2026-08-24 07:23:03:893 230 sec: 1430759 operations; 6400.1 current ops/sec; est completion in 12 minutes READ count: 63938, average latency(us): 145.52 
2026-08-24 07:23:13:893 240 sec: 1493454 operations; 6269.5 current ops/sec; est completion in 12 minutes READ count: 62694, average latency(us): 148.78 
2026-08-24 07:23:23:893 250 sec: 1556004 operations; 6255 current ops/sec; est completion in 11 minutes READ count: 62550, average latency(us): 149.16 
2026-08-24 07:23:33:893 260 sec: 1618204 operations; 6220 current ops/sec; est completion in 11 minutes READ count: 62201, average latency(us): 149.81 
2026-08-24 07:23:43:893 270 sec: 1679748 operations; 6154.4 current ops/sec; est completion in 11 minutes READ count: 61543, average latency(us): 150.55 
2026-08-24 07:23:53:893 280 sec: 1742017 operations; 6226.9 current ops/sec; est completion in 11 minutes READ count: 62269, average latency(us): 149.79 
2026-08-24 07:24:03:893 290 sec: 1804255 operations; 6223.8 current ops/sec; est completion in 11 minutes READ count: 62237, average latency(us): 149.90 
2026-08-24 07:24:13:893 300 sec: 1866587 operations; 6233.2 current ops/sec; est completion in 11 minutes READ count: 62333, average latency(us): 149.73 
2026-08-24 07:24:23:926 310 sec: 1929112 operations; 6231.31 current ops/sec; est completion in 10 minutes READ count: 62525, average latency(us): 149.74 
2026-08-24 07:24:33:893 320 sec: 1992579 operations; 6368.35 current ops/sec; est completion in 10 minutes READ count: 63468, average latency(us): 146.30 
2026-08-24 07:24:43:893 330 sec: 2055002 operations; 6242.3 current ops/sec; est completion in 10 minutes READ count: 62422, average latency(us): 149.47 
2026-08-24 07:24:53:893 340 sec: 2116856 operations; 6185.4 current ops/sec; est completion in 10 minutes READ count: 61854, average latency(us): 150.90 
2026-08-24 07:25:03:893 350 sec: 2179143 operations; 6228.7 current ops/sec; est completion in 10 minutes READ count: 62287, average latency(us): 149.82 
2026-08-24 07:25:13:893 360 sec: 2242776 operations; 6363.3 current ops/sec; est completion in 10 minutes READ count: 63633, average latency(us): 146.45 
2026-08-24 07:25:23:893 370 sec: 2305082 operations; 6230.6 current ops/sec; est completion in 9 minutes READ count: 62306, average latency(us): 146.36 
2026-08-24 07:25:33:893 380 sec: 2367421 operations; 6233.9 current ops/sec; est completion in 9 minutes READ count: 62339, average latency(us): 149.66 
2026-08-24 07:25:43:893 390 sec: 2429821 operations; 6240 current ops/sec; est completion in 9 minutes READ count: 62400, average latency(us): 149.53 
2026-08-24 07:25:53:893 400 sec: 2493502 operations; 6368.1 current ops/sec; est completion in 9 minutes READ count: 63681, average latency(us): 146.33 
2026-08-24 07:26:03:893 410 sec: 2555892 operations; 6239 current ops/sec; est completion in 9 minutes READ count: 62389, average latency(us): 149.53 
2026-08-24 07:26:13:893 420 sec: 2618241 operations; 6234.9 current ops/sec; est completion in 9 minutes READ count: 62350, average latency(us): 149.62 
2026-08-24 07:26:23:893 430 sec: 2680548 operations; 6230.7 current ops/sec; est completion in 8 minutes READ count: 62307, average latency(us): 149.73 
2026-08-24 07:26:33:893 440 sec: 2744435 operations; 6388.7 current ops/sec; est completion in 8 minutes READ count: 63887, average latency(us): 145.81 
2026-08-24 07:26:43:893 450 sec: 2806642 operations; 6220.7 current ops/sec; est completion in 8 minutes READ count: 62207, average latency(us): 150.00 
2026-08-24 07:26:53:893 460 sec: 2868713 operations; 6207.1 current ops/sec; est completion in 8 minutes READ count: 62072, average latency(us): 146.75 
2026-08-24 07:27:03:893 470 sec: 2932324 operations; 6361.1 current ops/sec; est completion in 8 minutes READ count: 63610, average latency(us): 146.44 
2026-08-24 07:27:13:893 480 sec: 2994386 operations; 6206.2 current ops/sec; est completion in 8 minutes READ count: 62062, average latency(us): 150.37 
2026-08-24 07:27:23:893 490 sec: 3056615 operations; 6222.9 current ops/sec; est completion in 7 minutes READ count: 62229, average latency(us): 149.95 
2026-08-24 07:27:33:893 500 sec: 3118940 operations; 6232.5 current ops/sec; est completion in 7 minutes READ count: 62325, average latency(us): 149.69 
2026-08-24 07:27:43:893 510 sec: 3182597 operations; 6365.7 current ops/sec; est completion in 7 minutes READ count: 63657, average latency(us): 146.32 
2026-08-24 07:27:53:893 520 sec: 3244863 operations; 6226.6 current ops/sec; est completion in 7 minutes READ count: 62266, average latency(us): 149.85 
2026-08-24 07:28:03:893 530 sec: 3306949 operations; 6208.6 current ops/sec; est completion in 7 minutes READ count: 62086, average latency(us): 150.34 
2026-08-24 07:28:13:893 540 sec: 3369137 operations; 6218.8 current ops/sec; est completion in 7 minutes READ count: 62188, average latency(us): 150.09 
2026-08-24 07:28:23:893 550 sec: 3432703 operations; 6356.6 current ops/sec; est completion in 6 minutes READ count: 63566, average latency(us): 146.58 
2026-08-24 07:28:33:893 560 sec: 3495047 operations; 6234.4 current ops/sec; est completion in 6 minutes READ count: 62345, average latency(us): 146.62 
2026-08-24 07:28:43:893 570 sec: 3557452 operations; 6240.5 current ops/sec; est completion in 6 minutes READ count: 62404, average latency(us): 149.56 
2026-08-24 07:28:53:893 580 sec: 3619824 operations; 6237.2 current ops/sec; est completion in 6 minutes READ count: 62373, average latency(us): 149.63 
2026-08-24 07:29:03:893 590 sec: 3682057 operations; 6223.3 current ops/sec; est completion in 6 minutes READ count: 62232, average latency(us): 149.97 
2026-08-24 07:29:13:893 600 sec: 3745856 operations; 6379.9 current ops/sec; est completion in 6 minutes READ count: 63799, average latency(us): 146.03 
2026-08-24 07:29:23:893 610 sec: 3808153 operations; 6229.7 current ops/sec; est completion in 5 minutes READ count: 62297, average latency(us): 149.81 
2026-08-24 07:29:33:893 620 sec: 3870415 operations; 6226.2 current ops/sec; est completion in 5 minutes READ count: 62262, average latency(us): 146.48 
2026-08-24 07:29:43:893 630 sec: 3932715 operations; 6230 current ops/sec; est completion in 5 minutes READ count: 62300, average latency(us): 149.72 
2026-08-24 07:29:53:893 640 sec: 3996389 operations; 6367.4 current ops/sec; est completion in 5 minutes READ count: 63675, average latency(us): 146.30 
2026-08-24 07:30:03:893 650 sec: 4058552 operations; 6216.3 current ops/sec; est completion in 5 minutes READ count: 62162, average latency(us): 150.14 
2026-08-24 07:30:13:893 660 sec: 4120837 operations; 6228.5 current ops/sec; est completion in 5 minutes READ count: 62285, average latency(us): 149.87 
2026-08-24 07:30:23:893 670 sec: 4183135 operations; 6229.8 current ops/sec; est completion in 4 minutes READ count: 62298, average latency(us): 149.81 
2026-08-24 07:30:33:893 680 sec: 4246741 operations; 6360.6 current ops/sec; est completion in 4 minutes READ count: 63606, average latency(us): 146.48 
2026-08-24 07:30:43:893 690 sec: 4309090 operations; 6234.9 current ops/sec; est completion in 4 minutes READ count: 62349, average latency(us): 149.67 
2026-08-24 07:30:53:893 700 sec: 4371534 operations; 6244.4 current ops/sec; est completion in 4 minutes READ count: 62444, average latency(us): 149.44 
2026-08-24 07:31:03:893 710 sec: 4433752 operations; 6221.8 current ops/sec; est completion in 4 minutes READ count: 62218, average latency(us): 149.93 
2026-08-24 07:31:13:893 720 sec: 4497379 operations; 6362.7 current ops/sec; est completion in 4 minutes READ count: 63627, average latency(us): 146.41 
2026-08-24 07:31:23:893 730 sec: 4559671 operations; 6229.2 current ops/sec; est completion in 3 minutes READ count: 62292, average latency(us): 149.79 
2026-08-24 07:31:33:893 740 sec: 4621414 operations; 6174.3 current ops/sec; est completion in 3 minutes READ count: 61743, average latency(us): 147.55 
2026-08-24 07:31:43:893 750 sec: 4685360 operations; 6394.6 current ops/sec; est completion in 3 minutes READ count: 63946, average latency(us): 145.64 
2026-08-24 07:31:53:893 760 sec: 4747747 operations; 6238.7 current ops/sec; est completion in 3 minutes READ count: 62387, average latency(us): 149.50 
2026-08-24 07:32:03:893 770 sec: 4810232 operations; 6248.5 current ops/sec; est completion in 3 minutes READ count: 62485, average latency(us): 149.34 
2026-08-24 07:32:13:893 780 sec: 4872767 operations; 6253.5 current ops/sec; est completion in 3 minutes READ count: 62535, average latency(us): 149.23 
2026-08-24 07:32:23:893 790 sec: 4936678 operations; 6391.1 current ops/sec; est completion in 2 minutes READ count: 63911, average latency(us): 145.77 
2026-08-24 07:32:33:893 800 sec: 4998872 operations; 6219.4 current ops/sec; est completion in 2 minutes READ count: 62194, average latency(us): 150.07 
2026-08-24 07:32:43:893 810 sec: 5061305 operations; 6243.3 current ops/sec; est completion in 2 minutes READ count: 62433, average latency(us): 149.44 
2026-08-24 07:32:53:893 820 sec: 5123453 operations; 6214.8 current ops/sec; est completion in 2 minutes READ count: 62148, average latency(us): 150.11 
2026-08-24 07:33:03:893 830 sec: 5187217 operations; 6376.4 current ops/sec; est completion in 2 minutes READ count: 63764, average latency(us): 146.09 
2026-08-24 07:33:13:893 840 sec: 5249660 operations; 6244.3 current ops/sec; est completion in 2 minutes READ count: 62443, average latency(us): 149.43 
2026-08-24 07:33:23:893 850 sec: 5312200 operations; 6254 current ops/sec; est completion in 1 minute READ count: 62540, average latency(us): 149.21 
2026-08-24 07:33:33:893 860 sec: 5375908 operations; 6370.8 current ops/sec; est completion in 1 minute READ count: 63709, average latency(us): 146.23 
2026-08-24 07:33:43:893 870 sec: 5438291 operations; 6238.3 current ops/sec; est completion in 1 minute READ count: 62382, average latency(us): 149.59 
2026-08-24 07:33:53:893 880 sec: 5500706 operations; 6241.5 current ops/sec; est completion in 1 minute READ count: 62415, average latency(us): 149.50 
2026-08-24 07:34:03:893 890 sec: 5562915 operations; 6220.9 current ops/sec; est completion in 1 minute READ count: 62209, average latency(us): 150.01 
2026-08-24 07:34:14:031 900 sec: 5626227 operations; 6244.4 current ops/sec; est completion in 1 minute READ count: 63312, average latency(us): 149.42 
2026-08-24 07:34:23:893 910 sec: 5689022 operations; 6368.02 current ops/sec; est completion in 50 seconds READ count: 62796, average latency(us): 146.33 
2026-08-24 07:34:33:893 920 sec: 5751034 operations; 6201.2 current ops/sec; est completion in 40 seconds READ count: 62011, average latency(us): 150.50 
2026-08-24 07:34:43:893 930 sec: 5813356 operations; 6232.2 current ops/sec; est completion in 30 seconds READ count: 62322, average latency(us): 146.18 
2026-08-24 07:34:53:893 940 sec: 5876898 operations; 6354.2 current ops/sec; est completion in 20 seconds READ count: 63542, average latency(us): 146.63 
2026-08-24 07:35:03:893 950 sec: 5939070 operations; 6217.2 current ops/sec; est completion in 10 seconds READ count: 62172, average latency(us): 150.12 
Raw data measurement: will output to result file: /root/results/run_6000000_1t.raw
2026-08-24 07:35:13:674 959 sec: 6000000 operations; 6229.42 current ops/sec; READ count: 60929, average latency(us): 149.76 CLEANUP count: 1, average latency(us): 832.00 
[OVERALL], RunTime(ms), 959781
[OVERALL], Throughput(ops/sec), 6251.426106580564
[TOTAL_GCS_G1_Young_Generation], Count, 72
[TOTAL_GC_TIME_G1_Young_Generation], Time(ms), 14370
[TOTAL_GC_TIME_%_G1_Young_Generation], Time(%), 1.497216552526045
[TOTAL_GCS_G1_Old_Generation], Count, 0
[TOTAL_GC_TIME_G1_Old_Generation], Time(ms), 0
[TOTAL_GC_TIME_%_G1_Old_Generation], Time(%), 0.0
[TOTAL_GCs], Count, 72
[TOTAL_GC_TIME], Time(ms), 14370
[TOTAL_GC_TIME_%], Time(%), 1.497216552526045
[READ], Total Operations, 6000000
[READ], Below is a summary of latency in microseconds:, -1
[READ], Average, 148.902775
[READ], Min, 108
[READ], Max, 228796
[READ], p1, 130
[READ], p5, 131
[READ], p50, 139
[READ], p90, 170
[READ], p95, 178
[READ], p99, 202
[READ], p99.9, 270
[READ], p99.99, 389
[READ], Return=OK, 6000000
[CLEANUP], Total Operations, 1
[CLEANUP], Below is a summary of latency in microseconds:, -1
[CLEANUP], Average, 832.0
[CLEANUP], Min, 832
[CLEANUP], Max, 832
[CLEANUP], p1, 832
[CLEANUP], p5, 832
[CLEANUP], p50, 832
[CLEANUP], p90, 832
[CLEANUP], p95, 832
[CLEANUP], p99, 832
[CLEANUP], p99.9, 832
[CLEANUP], p99.99, 832
